../Core/Src/lsm6dsv_reg.c:5396:17:npy_floatbits_to_halfbits	8	static
../Core/Src/lsm6dsv_reg.c:49:16:lsm6dsv_read_reg	8	static
../Core/Src/lsm6dsv_reg.c:70:16:lsm6dsv_write_reg	8	static
../Core/Src/lsm6dsv_reg.c:112:9:lsm6dsv_from_sflp_to_mg	8	static
../Core/Src/lsm6dsv_reg.c:117:9:lsm6dsv_from_fs2_to_mg	8	static
../Core/Src/lsm6dsv_reg.c:122:9:lsm6dsv_from_fs4_to_mg	8	static
../Core/Src/lsm6dsv_reg.c:127:9:lsm6dsv_from_fs8_to_mg	8	static
../Core/Src/lsm6dsv_reg.c:132:9:lsm6dsv_from_fs16_to_mg	8	static
../Core/Src/lsm6dsv_reg.c:137:9:lsm6dsv_from_fs125_to_mdps	8	static
../Core/Src/lsm6dsv_reg.c:142:9:lsm6dsv_from_fs250_to_mdps	8	static
../Core/Src/lsm6dsv_reg.c:147:9:lsm6dsv_from_fs500_to_mdps	8	static
../Core/Src/lsm6dsv_reg.c:152:9:lsm6dsv_from_fs1000_to_mdps	8	static
../Core/Src/lsm6dsv_reg.c:157:9:lsm6dsv_from_fs2000_to_mdps	8	static
../Core/Src/lsm6dsv_reg.c:162:9:lsm6dsv_from_fs4000_to_mdps	8	static
../Core/Src/lsm6dsv_reg.c:167:9:lsm6dsv_from_lsb_to_celsius	8	static
../Core/Src/lsm6dsv_reg.c:172:9:lsm6dsv_from_lsb_to_nsec	8	static
../Core/Src/lsm6dsv_reg.c:198:9:lsm6dsv_xl_offset_on_out_set	24	static
../Core/Src/lsm6dsv_reg.c:221:9:lsm6dsv_xl_offset_on_out_get	24	static
../Core/Src/lsm6dsv_reg.c:240:9:lsm6dsv_xl_offset_mg_set	56	static
../Core/Src/lsm6dsv_reg.c:310:9:lsm6dsv_xl_offset_mg_get	48	static
../Core/Src/lsm6dsv_reg.c:354:9:lsm6dsv_reset_set	32	static
../Core/Src/lsm6dsv_reg.c:382:9:lsm6dsv_reset_get	32	static
../Core/Src/lsm6dsv_reg.c:426:9:lsm6dsv_mem_bank_set	24	static
../Core/Src/lsm6dsv_reg.c:449:9:lsm6dsv_mem_bank_get	24	static
../Core/Src/lsm6dsv_reg.c:488:9:lsm6dsv_device_id_get	8	static
../Core/Src/lsm6dsv_reg.c:505:9:lsm6dsv_xl_data_rate_set	24	static
../Core/Src/lsm6dsv_reg.c:539:9:lsm6dsv_xl_data_rate_get	32	static
../Core/Src/lsm6dsv_reg.c:733:9:lsm6dsv_xl_mode_set	24	static
../Core/Src/lsm6dsv_reg.c:757:9:lsm6dsv_xl_mode_get	24	static
../Core/Src/lsm6dsv_reg.c:811:9:lsm6dsv_gy_data_rate_set	24	static
../Core/Src/lsm6dsv_reg.c:843:9:lsm6dsv_gy_data_rate_get	32	static
../Core/Src/lsm6dsv_reg.c:1037:9:lsm6dsv_gy_mode_set	24	static
../Core/Src/lsm6dsv_reg.c:1060:9:lsm6dsv_gy_mode_get	24	static
../Core/Src/lsm6dsv_reg.c:1102:9:lsm6dsv_auto_increment_set	24	static
../Core/Src/lsm6dsv_reg.c:1125:9:lsm6dsv_auto_increment_get	24	static
../Core/Src/lsm6dsv_reg.c:1144:9:lsm6dsv_block_data_update_set	24	static
../Core/Src/lsm6dsv_reg.c:1168:9:lsm6dsv_block_data_update_get	24	static
../Core/Src/lsm6dsv_reg.c:1187:9:lsm6dsv_odr_trig_cfg_set	24	static
../Core/Src/lsm6dsv_reg.c:1215:9:lsm6dsv_odr_trig_cfg_get	24	static
../Core/Src/lsm6dsv_reg.c:1234:9:lsm6dsv_data_ready_mode_set	24	static
../Core/Src/lsm6dsv_reg.c:1259:9:lsm6dsv_data_ready_mode_get	24	static
../Core/Src/lsm6dsv_reg.c:1293:9:lsm6dsv_interrupt_enable_set	24	static
../Core/Src/lsm6dsv_reg.c:1320:9:lsm6dsv_interrupt_enable_get	32	static
../Core/Src/lsm6dsv_reg.c:1345:9:lsm6dsv_gy_full_scale_set	24	static
../Core/Src/lsm6dsv_reg.c:1370:9:lsm6dsv_gy_full_scale_get	24	static
../Core/Src/lsm6dsv_reg.c:1421:9:lsm6dsv_xl_full_scale_set	24	static
../Core/Src/lsm6dsv_reg.c:1446:9:lsm6dsv_xl_full_scale_get	24	static
../Core/Src/lsm6dsv_reg.c:1489:9:lsm6dsv_xl_dual_channel_set	24	static
../Core/Src/lsm6dsv_reg.c:1513:9:lsm6dsv_xl_dual_channel_get	24	static
../Core/Src/lsm6dsv_reg.c:1532:9:lsm6dsv_xl_self_test_set	24	static
../Core/Src/lsm6dsv_reg.c:1556:9:lsm6dsv_xl_self_test_get	24	static
../Core/Src/lsm6dsv_reg.c:1594:9:lsm6dsv_gy_self_test_set	24	static
../Core/Src/lsm6dsv_reg.c:1618:9:lsm6dsv_gy_self_test_get	24	static
../Core/Src/lsm6dsv_reg.c:1656:9:lsm6dsv_ois_xl_self_test_set	24	static
../Core/Src/lsm6dsv_reg.c:1681:9:lsm6dsv_ois_xl_self_test_get	24	static
../Core/Src/lsm6dsv_reg.c:1720:9:lsm6dsv_ois_gy_self_test_set	24	static
../Core/Src/lsm6dsv_reg.c:1746:9:lsm6dsv_ois_gy_self_test_get	24	static
../Core/Src/lsm6dsv_reg.c:1793:9:lsm6dsv_pin_int1_route_set	24	static
../Core/Src/lsm6dsv_reg.c:1838:9:lsm6dsv_pin_int1_route_get	24	static
../Core/Src/lsm6dsv_reg.c:1878:9:lsm6dsv_pin_int2_route_set	24	static
../Core/Src/lsm6dsv_reg.c:1925:9:lsm6dsv_pin_int2_route_get	24	static
../Core/Src/lsm6dsv_reg.c:1972:9:lsm6dsv_all_sources_get	160	static
../Core/Src/lsm6dsv_reg.c:2099:9:lsm6dsv_flag_data_ready_get	24	static
../Core/Src/lsm6dsv_reg.c:2123:9:lsm6dsv_int_ack_mask_set	16	static
../Core/Src/lsm6dsv_reg.c:2140:9:lsm6dsv_int_ack_mask_get	8	static
../Core/Src/lsm6dsv_reg.c:2157:9:lsm6dsv_temperature_raw_get	16	static
../Core/Src/lsm6dsv_reg.c:2179:9:lsm6dsv_angular_rate_raw_get	16	static
../Core/Src/lsm6dsv_reg.c:2205:9:lsm6dsv_ois_angular_rate_raw_get	16	static
../Core/Src/lsm6dsv_reg.c:2231:9:lsm6dsv_ois_eis_angular_rate_raw_get	16	static
../Core/Src/lsm6dsv_reg.c:2257:9:lsm6dsv_acceleration_raw_get	16	static
../Core/Src/lsm6dsv_reg.c:2283:9:lsm6dsv_dual_acceleration_raw_get	16	static
../Core/Src/lsm6dsv_reg.c:2309:9:lsm6dsv_odr_cal_reg_get	24	static
../Core/Src/lsm6dsv_reg.c:2328:9:lsm6dsv_ln_pg_write	56	static
../Core/Src/lsm6dsv_reg.c:2418:9:lsm6dsv_ln_pg_read	56	static
../Core/Src/lsm6dsv_reg.c:2501:9:lsm6dsv_emb_function_dbg_set	24	static
../Core/Src/lsm6dsv_reg.c:2525:9:lsm6dsv_emb_function_dbg_get	24	static
../Core/Src/lsm6dsv_reg.c:2559:9:lsm6dsv_den_polarity_set	24	static
../Core/Src/lsm6dsv_reg.c:2583:9:lsm6dsv_den_polarity_get	24	static
../Core/Src/lsm6dsv_reg.c:2617:9:lsm6dsv_den_conf_set	40	static
../Core/Src/lsm6dsv_reg.c:2672:9:lsm6dsv_den_conf_get	24	static
../Core/Src/lsm6dsv_reg.c:2746:9:lsm6dsv_eis_gy_full_scale_set	24	static
../Core/Src/lsm6dsv_reg.c:2771:9:lsm6dsv_eis_gy_full_scale_get	24	static
../Core/Src/lsm6dsv_reg.c:2817:9:lsm6dsv_eis_gy_on_spi2_set	24	static
../Core/Src/lsm6dsv_reg.c:2841:9:lsm6dsv_eis_gy_on_spi2_get	24	static
../Core/Src/lsm6dsv_reg.c:2860:9:lsm6dsv_gy_eis_data_rate_set	24	static
../Core/Src/lsm6dsv_reg.c:2885:9:lsm6dsv_gy_eis_data_rate_get	24	static
../Core/Src/lsm6dsv_reg.c:2936:9:lsm6dsv_fifo_watermark_set	24	static
../Core/Src/lsm6dsv_reg.c:2960:9:lsm6dsv_fifo_watermark_get	24	static
../Core/Src/lsm6dsv_reg.c:2979:9:lsm6dsv_fifo_xl_dual_fsm_batch_set	24	static
../Core/Src/lsm6dsv_reg.c:3002:9:lsm6dsv_fifo_xl_dual_fsm_batch_get	24	static
../Core/Src/lsm6dsv_reg.c:3021:9:lsm6dsv_fifo_compress_algo_set	24	static
../Core/Src/lsm6dsv_reg.c:3045:9:lsm6dsv_fifo_compress_algo_get	24	static
../Core/Src/lsm6dsv_reg.c:3087:9:lsm6dsv_fifo_virtual_sens_odr_chg_set	24	static
../Core/Src/lsm6dsv_reg.c:3110:9:lsm6dsv_fifo_virtual_sens_odr_chg_get	24	static
../Core/Src/lsm6dsv_reg.c:3129:9:lsm6dsv_fifo_compress_algo_real_time_set	40	static
../Core/Src/lsm6dsv_reg.c:3160:9:lsm6dsv_fifo_compress_algo_real_time_get	24	static
../Core/Src/lsm6dsv_reg.c:3181:9:lsm6dsv_fifo_stop_on_wtm_set	24	static
../Core/Src/lsm6dsv_reg.c:3204:9:lsm6dsv_fifo_stop_on_wtm_get	24	static
../Core/Src/lsm6dsv_reg.c:3223:9:lsm6dsv_fifo_xl_batch_set	24	static
../Core/Src/lsm6dsv_reg.c:3247:9:lsm6dsv_fifo_xl_batch_get	24	static
../Core/Src/lsm6dsv_reg.c:3326:9:lsm6dsv_fifo_gy_batch_set	24	static
../Core/Src/lsm6dsv_reg.c:3350:9:lsm6dsv_fifo_gy_batch_get	24	static
../Core/Src/lsm6dsv_reg.c:3429:9:lsm6dsv_fifo_mode_set	24	static
../Core/Src/lsm6dsv_reg.c:3452:9:lsm6dsv_fifo_mode_get	24	static
../Core/Src/lsm6dsv_reg.c:3505:9:lsm6dsv_fifo_gy_eis_batch_set	24	static
../Core/Src/lsm6dsv_reg.c:3528:9:lsm6dsv_fifo_gy_eis_batch_get	24	static
../Core/Src/lsm6dsv_reg.c:3547:9:lsm6dsv_fifo_temp_batch_set	24	static
../Core/Src/lsm6dsv_reg.c:3571:9:lsm6dsv_fifo_temp_batch_get	24	static
../Core/Src/lsm6dsv_reg.c:3613:9:lsm6dsv_fifo_timestamp_batch_set	24	static
../Core/Src/lsm6dsv_reg.c:3637:9:lsm6dsv_fifo_timestamp_batch_get	24	static
../Core/Src/lsm6dsv_reg.c:3680:9:lsm6dsv_fifo_batch_counter_threshold_set	16	static
../Core/Src/lsm6dsv_reg.c:3701:9:lsm6dsv_fifo_batch_counter_threshold_get	16	static
../Core/Src/lsm6dsv_reg.c:3724:9:lsm6dsv_fifo_batch_cnt_event_set	24	static
../Core/Src/lsm6dsv_reg.c:3748:9:lsm6dsv_fifo_batch_cnt_event_get	24	static
../Core/Src/lsm6dsv_reg.c:3779:9:lsm6dsv_fifo_status_get	16	static
../Core/Src/lsm6dsv_reg.c:3818:9:lsm6dsv_fifo_out_raw_get	16	static
../Core/Src/lsm6dsv_reg.c:3957:9:lsm6dsv_fifo_stpcnt_batch_set	32	static
../Core/Src/lsm6dsv_reg.c:3982:9:lsm6dsv_fifo_stpcnt_batch_get	40	static
../Core/Src/lsm6dsv_reg.c:4006:9:lsm6dsv_fifo_sh_batch_slave_set	40	static
../Core/Src/lsm6dsv_reg.c:4031:9:lsm6dsv_fifo_sh_batch_slave_get	40	static
../Core/Src/lsm6dsv_reg.c:4055:9:lsm6dsv_fifo_sflp_batch_set	24	static
../Core/Src/lsm6dsv_reg.c:4085:9:lsm6dsv_fifo_sflp_batch_get	32	static
../Core/Src/lsm6dsv_reg.c:4127:9:lsm6dsv_filt_anti_spike_set	24	static
../Core/Src/lsm6dsv_reg.c:4152:9:lsm6dsv_filt_anti_spike_get	24	static
../Core/Src/lsm6dsv_reg.c:4187:9:lsm6dsv_filt_settling_mask_set	40	static
../Core/Src/lsm6dsv_reg.c:4221:9:lsm6dsv_filt_settling_mask_get	48	static
../Core/Src/lsm6dsv_reg.c:4248:9:lsm6dsv_filt_ois_settling_mask_set	24	static
../Core/Src/lsm6dsv_reg.c:4273:9:lsm6dsv_filt_ois_settling_mask_get	24	static
../Core/Src/lsm6dsv_reg.c:4294:9:lsm6dsv_filt_gy_lp1_bandwidth_set	24	static
../Core/Src/lsm6dsv_reg.c:4318:9:lsm6dsv_filt_gy_lp1_bandwidth_get	24	static
../Core/Src/lsm6dsv_reg.c:4377:9:lsm6dsv_filt_gy_lp1_set	24	static
../Core/Src/lsm6dsv_reg.c:4401:9:lsm6dsv_filt_gy_lp1_get	24	static
../Core/Src/lsm6dsv_reg.c:4420:9:lsm6dsv_filt_xl_lp2_bandwidth_set	24	static
../Core/Src/lsm6dsv_reg.c:4444:9:lsm6dsv_filt_xl_lp2_bandwidth_get	24	static
../Core/Src/lsm6dsv_reg.c:4503:9:lsm6dsv_filt_xl_lp2_set	24	static
../Core/Src/lsm6dsv_reg.c:4526:9:lsm6dsv_filt_xl_lp2_get	24	static
../Core/Src/lsm6dsv_reg.c:4545:9:lsm6dsv_filt_xl_hp_set	24	static
../Core/Src/lsm6dsv_reg.c:4568:9:lsm6dsv_filt_xl_hp_get	24	static
../Core/Src/lsm6dsv_reg.c:4587:9:lsm6dsv_filt_xl_fast_settling_set	24	static
../Core/Src/lsm6dsv_reg.c:4610:9:lsm6dsv_filt_xl_fast_settling_get	24	static
../Core/Src/lsm6dsv_reg.c:4629:9:lsm6dsv_filt_xl_hp_mode_set	24	static
../Core/Src/lsm6dsv_reg.c:4653:9:lsm6dsv_filt_xl_hp_mode_get	24	static
../Core/Src/lsm6dsv_reg.c:4688:9:lsm6dsv_filt_wkup_act_feed_set	24	static
../Core/Src/lsm6dsv_reg.c:4717:9:lsm6dsv_filt_wkup_act_feed_get	32	static
../Core/Src/lsm6dsv_reg.c:4758:9:lsm6dsv_mask_trigger_xl_settl_set	24	static
../Core/Src/lsm6dsv_reg.c:4782:9:lsm6dsv_mask_trigger_xl_settl_get	24	static
../Core/Src/lsm6dsv_reg.c:4801:9:lsm6dsv_filt_sixd_feed_set	24	static
../Core/Src/lsm6dsv_reg.c:4826:9:lsm6dsv_filt_sixd_feed_get	24	static
../Core/Src/lsm6dsv_reg.c:4861:9:lsm6dsv_filt_gy_eis_lp_bandwidth_set	24	static
../Core/Src/lsm6dsv_reg.c:4886:9:lsm6dsv_filt_gy_eis_lp_bandwidth_get	24	static
../Core/Src/lsm6dsv_reg.c:4921:9:lsm6dsv_filt_gy_ois_lp_bandwidth_set	24	static
../Core/Src/lsm6dsv_reg.c:4946:9:lsm6dsv_filt_gy_ois_lp_bandwidth_get	24	static
../Core/Src/lsm6dsv_reg.c:4990:9:lsm6dsv_filt_xl_ois_lp_bandwidth_set	24	static
../Core/Src/lsm6dsv_reg.c:5015:9:lsm6dsv_filt_xl_ois_lp_bandwidth_get	24	static
../Core/Src/lsm6dsv_reg.c:5087:9:lsm6dsv_fsm_permission_set	24	static
../Core/Src/lsm6dsv_reg.c:5112:9:lsm6dsv_fsm_permission_get	24	static
../Core/Src/lsm6dsv_reg.c:5147:9:lsm6dsv_fsm_permission_status	24	static
../Core/Src/lsm6dsv_reg.c:5167:9:lsm6dsv_fsm_mode_set	40	static
../Core/Src/lsm6dsv_reg.c:5216:9:lsm6dsv_fsm_mode_get	32	static
../Core/Src/lsm6dsv_reg.c:5246:9:lsm6dsv_fsm_long_cnt_set	24	static
../Core/Src/lsm6dsv_reg.c:5269:9:lsm6dsv_fsm_long_cnt_get	24	static
../Core/Src/lsm6dsv_reg.c:5293:9:lsm6dsv_fsm_out_get	16	static
../Core/Src/lsm6dsv_reg.c:5312:9:lsm6dsv_fsm_data_rate_set	24	static
../Core/Src/lsm6dsv_reg.c:5339:9:lsm6dsv_fsm_data_rate_get	32	static
../Core/Src/lsm6dsv_reg.c:5714:9:lsm6dsv_fsm_ext_sens_sensitivity_set	16	static
../Core/Src/lsm6dsv_reg.c:5734:9:lsm6dsv_fsm_ext_sens_sensitivity_get	16	static
../Core/Src/lsm6dsv_reg.c:5756:9:lsm6dsv_fsm_ext_sens_offset_set	32	static
../Core/Src/lsm6dsv_reg.c:5781:9:lsm6dsv_fsm_ext_sens_offset_get	16	static
../Core/Src/lsm6dsv_reg.c:5808:9:lsm6dsv_fsm_ext_sens_matrix_set	56	static
../Core/Src/lsm6dsv_reg.c:5839:9:lsm6dsv_fsm_ext_sens_matrix_get	32	static
../Core/Src/lsm6dsv_reg.c:5872:9:lsm6dsv_fsm_ext_sens_z_orient_set	24	static
../Core/Src/lsm6dsv_reg.c:5893:9:lsm6dsv_fsm_ext_sens_z_orient_get	24	static
../Core/Src/lsm6dsv_reg.c:5944:9:lsm6dsv_fsm_ext_sens_y_orient_set	24	static
../Core/Src/lsm6dsv_reg.c:5968:9:lsm6dsv_fsm_ext_sens_y_orient_get	24	static
../Core/Src/lsm6dsv_reg.c:6019:9:lsm6dsv_fsm_ext_sens_x_orient_set	24	static
../Core/Src/lsm6dsv_reg.c:6043:9:lsm6dsv_fsm_ext_sens_x_orient_get	24	static
../Core/Src/lsm6dsv_reg.c:6094:9:lsm6dsv_fsm_long_cnt_timeout_set	16	static
../Core/Src/lsm6dsv_reg.c:6114:9:lsm6dsv_fsm_long_cnt_timeout_get	16	static
../Core/Src/lsm6dsv_reg.c:6136:9:lsm6dsv_fsm_number_of_programs_set	24	static
../Core/Src/lsm6dsv_reg.c:6159:9:lsm6dsv_fsm_number_of_programs_get	24	static
../Core/Src/lsm6dsv_reg.c:6178:9:lsm6dsv_fsm_start_address_set	16	static
../Core/Src/lsm6dsv_reg.c:6198:9:lsm6dsv_fsm_start_address_get	16	static
../Core/Src/lsm6dsv_reg.c:6233:9:lsm6dsv_ff_time_windows_set	24	static
../Core/Src/lsm6dsv_reg.c:6259:9:lsm6dsv_ff_time_windows_get	32	static
../Core/Src/lsm6dsv_reg.c:6281:9:lsm6dsv_ff_thresholds_set	24	static
../Core/Src/lsm6dsv_reg.c:6305:9:lsm6dsv_ff_thresholds_get	24	static
../Core/Src/lsm6dsv_reg.c:6376:9:lsm6dsv_ois_ctrl_mode_set	24	static
../Core/Src/lsm6dsv_reg.c:6400:9:lsm6dsv_ois_ctrl_mode_get	24	static
../Core/Src/lsm6dsv_reg.c:6435:9:lsm6dsv_ois_reset_set	24	static
../Core/Src/lsm6dsv_reg.c:6458:9:lsm6dsv_ois_reset_get	24	static
../Core/Src/lsm6dsv_reg.c:6477:9:lsm6dsv_ois_interface_pull_up_set	24	static
../Core/Src/lsm6dsv_reg.c:6500:9:lsm6dsv_ois_interface_pull_up_get	24	static
../Core/Src/lsm6dsv_reg.c:6519:9:lsm6dsv_ois_handshake_from_ui_set	24	static
../Core/Src/lsm6dsv_reg.c:6544:9:lsm6dsv_ois_handshake_from_ui_get	24	static
../Core/Src/lsm6dsv_reg.c:6567:9:lsm6dsv_ois_handshake_from_ois_set	24	static
../Core/Src/lsm6dsv_reg.c:6592:9:lsm6dsv_ois_handshake_from_ois_get	24	static
../Core/Src/lsm6dsv_reg.c:6615:9:lsm6dsv_ois_shared_set	8	static
../Core/Src/lsm6dsv_reg.c:6632:9:lsm6dsv_ois_shared_get	8	static
../Core/Src/lsm6dsv_reg.c:6649:9:lsm6dsv_ois_on_spi2_set	24	static
../Core/Src/lsm6dsv_reg.c:6672:9:lsm6dsv_ois_on_spi2_get	24	static
../Core/Src/lsm6dsv_reg.c:6691:9:lsm6dsv_ois_chain_set	24	static
../Core/Src/lsm6dsv_reg.c:6715:9:lsm6dsv_ois_chain_get	24	static
../Core/Src/lsm6dsv_reg.c:6737:9:lsm6dsv_ois_gy_full_scale_set	24	static
../Core/Src/lsm6dsv_reg.c:6761:9:lsm6dsv_ois_gy_full_scale_get	24	static
../Core/Src/lsm6dsv_reg.c:6808:9:lsm6dsv_ois_xl_full_scale_set	24	static
../Core/Src/lsm6dsv_reg.c:6832:9:lsm6dsv_ois_xl_full_scale_get	24	static
../Core/Src/lsm6dsv_reg.c:6888:9:lsm6dsv_6d_threshold_set	24	static
../Core/Src/lsm6dsv_reg.c:6911:9:lsm6dsv_6d_threshold_get	24	static
../Core/Src/lsm6dsv_reg.c:6953:9:lsm6dsv_4d_mode_set	24	static
../Core/Src/lsm6dsv_reg.c:6976:9:lsm6dsv_4d_mode_get	24	static
../Core/Src/lsm6dsv_reg.c:7008:9:lsm6dsv_i3c_reset_mode_set	24	static
../Core/Src/lsm6dsv_reg.c:7032:9:lsm6dsv_i3c_reset_mode_get	24	static
../Core/Src/lsm6dsv_reg.c:7067:9:lsm6dsv_i3c_ibi_time_set	24	static
../Core/Src/lsm6dsv_reg.c:7090:9:lsm6dsv_i3c_ibi_time_get	24	static
../Core/Src/lsm6dsv_reg.c:7145:9:lsm6dsv_sh_master_interface_pull_up_set	24	static
../Core/Src/lsm6dsv_reg.c:7168:9:lsm6dsv_sh_master_interface_pull_up_get	24	static
../Core/Src/lsm6dsv_reg.c:7187:9:lsm6dsv_sh_read_data_raw_get	24	static
../Core/Src/lsm6dsv_reg.c:7207:9:lsm6dsv_sh_slave_connected_set	24	static
../Core/Src/lsm6dsv_reg.c:7234:9:lsm6dsv_sh_slave_connected_get	32	static
../Core/Src/lsm6dsv_reg.c:7279:9:lsm6dsv_sh_master_set	24	static
../Core/Src/lsm6dsv_reg.c:7305:9:lsm6dsv_sh_master_get	32	static
../Core/Src/lsm6dsv_reg.c:7328:9:lsm6dsv_sh_pass_through_set	24	static
../Core/Src/lsm6dsv_reg.c:7354:9:lsm6dsv_sh_pass_through_get	32	static
../Core/Src/lsm6dsv_reg.c:7377:9:lsm6dsv_sh_syncro_mode_set	24	static
../Core/Src/lsm6dsv_reg.c:7404:9:lsm6dsv_sh_syncro_mode_get	32	static
../Core/Src/lsm6dsv_reg.c:7441:9:lsm6dsv_sh_write_mode_set	24	static
../Core/Src/lsm6dsv_reg.c:7468:9:lsm6dsv_sh_write_mode_get	32	static
../Core/Src/lsm6dsv_reg.c:7505:9:lsm6dsv_sh_reset_set	24	static
../Core/Src/lsm6dsv_reg.c:7531:9:lsm6dsv_sh_reset_get	32	static
../Core/Src/lsm6dsv_reg.c:7557:9:lsm6dsv_sh_cfg_write	24	static
../Core/Src/lsm6dsv_reg.c:7592:9:lsm6dsv_sh_data_rate_set	24	static
../Core/Src/lsm6dsv_reg.c:7618:9:lsm6dsv_sh_data_rate_get	32	static
../Core/Src/lsm6dsv_reg.c:7673:9:lsm6dsv_sh_slv_cfg_read	40	static
../Core/Src/lsm6dsv_reg.c:7715:9:lsm6dsv_sh_status_get	8	static
../Core/Src/lsm6dsv_reg.c:7746:9:lsm6dsv_ui_sdo_pull_up_set	24	static
../Core/Src/lsm6dsv_reg.c:7769:9:lsm6dsv_ui_sdo_pull_up_get	24	static
../Core/Src/lsm6dsv_reg.c:7788:9:lsm6dsv_ui_i2c_i3c_mode_set	24	static
../Core/Src/lsm6dsv_reg.c:7812:9:lsm6dsv_ui_i2c_i3c_mode_get	24	static
../Core/Src/lsm6dsv_reg.c:7847:9:lsm6dsv_spi_mode_set	24	static
../Core/Src/lsm6dsv_reg.c:7870:9:lsm6dsv_spi_mode_get	24	static
../Core/Src/lsm6dsv_reg.c:7904:9:lsm6dsv_ui_sda_pull_up_set	24	static
../Core/Src/lsm6dsv_reg.c:7927:9:lsm6dsv_ui_sda_pull_up_get	24	static
../Core/Src/lsm6dsv_reg.c:7946:9:lsm6dsv_spi2_mode_set	24	static
../Core/Src/lsm6dsv_reg.c:7969:9:lsm6dsv_spi2_mode_get	24	static
../Core/Src/lsm6dsv_reg.c:8017:9:lsm6dsv_sigmot_mode_set	32	static
../Core/Src/lsm6dsv_reg.c:8042:9:lsm6dsv_sigmot_mode_get	40	static
../Core/Src/lsm6dsv_reg.c:8078:9:lsm6dsv_stpcnt_mode_set	32	static
../Core/Src/lsm6dsv_reg.c:8104:9:lsm6dsv_stpcnt_mode_get	24	static
../Core/Src/lsm6dsv_reg.c:8126:9:lsm6dsv_stpcnt_steps_get	24	static
../Core/Src/lsm6dsv_reg.c:8150:9:lsm6dsv_stpcnt_rst_step_set	24	static
../Core/Src/lsm6dsv_reg.c:8178:9:lsm6dsv_stpcnt_rst_step_get	40	static
../Core/Src/lsm6dsv_reg.c:8202:9:lsm6dsv_stpcnt_debounce_set	24	static
../Core/Src/lsm6dsv_reg.c:8225:9:lsm6dsv_stpcnt_debounce_get	24	static
../Core/Src/lsm6dsv_reg.c:8244:9:lsm6dsv_stpcnt_period_set	16	static
../Core/Src/lsm6dsv_reg.c:8264:9:lsm6dsv_stpcnt_period_get	16	static
../Core/Src/lsm6dsv_reg.c:8298:9:lsm6dsv_sflp_game_rotation_set	24	static
../Core/Src/lsm6dsv_reg.c:8327:9:lsm6dsv_sflp_game_rotation_get	40	static
../Core/Src/lsm6dsv_reg.c:8351:9:lsm6dsv_sflp_data_rate_set	24	static
../Core/Src/lsm6dsv_reg.c:8380:9:lsm6dsv_sflp_data_rate_get	32	static
../Core/Src/lsm6dsv_reg.c:5555:9:lsm6dsv_sflp_game_gbias_set	80	static
../Core/Src/lsm6dsv_reg.c:8446:9:lsm6dsv_tap_detection_set	24	static
../Core/Src/lsm6dsv_reg.c:8472:9:lsm6dsv_tap_detection_get	24	static
../Core/Src/lsm6dsv_reg.c:8496:9:lsm6dsv_tap_thresholds_set	40	static
../Core/Src/lsm6dsv_reg.c:8528:9:lsm6dsv_tap_thresholds_get	48	static
../Core/Src/lsm6dsv_reg.c:8556:9:lsm6dsv_tap_axis_priority_set	24	static
../Core/Src/lsm6dsv_reg.c:8580:9:lsm6dsv_tap_axis_priority_get	24	static
../Core/Src/lsm6dsv_reg.c:8631:9:lsm6dsv_tap_time_windows_set	24	static
../Core/Src/lsm6dsv_reg.c:8657:9:lsm6dsv_tap_time_windows_get	24	static
../Core/Src/lsm6dsv_reg.c:8681:9:lsm6dsv_tap_mode_set	24	static
../Core/Src/lsm6dsv_reg.c:8704:9:lsm6dsv_tap_mode_get	24	static
../Core/Src/lsm6dsv_reg.c:8751:9:lsm6dsv_tilt_mode_set	32	static
../Core/Src/lsm6dsv_reg.c:8776:9:lsm6dsv_tilt_mode_get	40	static
../Core/Src/lsm6dsv_reg.c:8813:9:lsm6dsv_timestamp_raw_get	24	static
../Core/Src/lsm6dsv_reg.c:8837:9:lsm6dsv_timestamp_set	24	static
../Core/Src/lsm6dsv_reg.c:8860:9:lsm6dsv_timestamp_get	24	static
../Core/Src/lsm6dsv_reg.c:8892:9:lsm6dsv_act_mode_set	24	static
../Core/Src/lsm6dsv_reg.c:8915:9:lsm6dsv_act_mode_get	24	static
../Core/Src/lsm6dsv_reg.c:8957:9:lsm6dsv_act_from_sleep_to_act_dur_set	24	static
../Core/Src/lsm6dsv_reg.c:8981:9:lsm6dsv_act_from_sleep_to_act_dur_get	24	static
../Core/Src/lsm6dsv_reg.c:9024:9:lsm6dsv_act_sleep_xl_odr_set	24	static
../Core/Src/lsm6dsv_reg.c:9048:9:lsm6dsv_act_sleep_xl_odr_get	24	static
../Core/Src/lsm6dsv_reg.c:9091:9:lsm6dsv_act_thresholds_set	32	static
../Core/Src/lsm6dsv_reg.c:9130:9:lsm6dsv_act_thresholds_get	48	static
../Core/Src/lsm6dsv_reg.c:9164:9:lsm6dsv_act_wkup_time_windows_set	24	static
../Core/Src/lsm6dsv_reg.c:9189:9:lsm6dsv_act_wkup_time_windows_get	24	static
