../Core/Src/main.c:488:13:platform_delay	8	static
../Core/Src/main.c:431:16:platform_write	40	static
../Core/Src/main.c:456:16:platform_read	40	static
../Core/Inc/utils.h:18:9:clip	0	static
../Core/Inc/utils.h:22:9:min3	0	static
../Core/Inc/utils.h:26:9:max3	0	static
../Core/Inc/utils.h:30:9:abs16	0	static
../Core/Inc/utils.h:34:9:abs32	0	static
../Core/Inc/utils.h:39:9:pad14	0	static
../Core/Src/main.c:252:6:SystemClock_Config	112	static,ignoring_inline_asm
../Core/Src/main.c:113:5:main	80	static,ignoring_inline_asm
../Core/Src/main.c:498:6:HAL_UARTEx_RxEventCallback	16	static
../Core/Src/main.c:523:6:HAL_UART_TxCpltCallback	8	static
../Core/Src/main.c:528:6:HAL_UART_ErrorCallback	40	static
../Core/Src/main.c:545:6:Error_Handler	0	static,ignoring_inline_asm
