../Core/Src/main.c:87:5:main	56	static
../Core/Src/main.c:254:6:SystemClock_Config	112	static
../Core/Src/main.c:301:13:MX_I2C1_Init	8	static
../Core/Src/main.c:344:13:MX_USART2_UART_Init	8	static
../Core/Src/main.c:374:13:MX_DMA_Init	16	static
../Core/Src/main.c:390:13:MX_GPIO_Init	48	static
../Core/Src/main.c:432:16:platform_write	48	static
../Core/Src/main.c:454:16:platform_read	48	static
../Core/Src/main.c:475:13:tx_com	16	static
../Core/Src/main.c:485:13:platform_delay	16	static
../Core/Src/main.c:495:6:Error_Handler	8	static,ignoring_inline_asm
